#######################################################################################
# log primitive debug message of FSDB dumping                                         #
# This is for R&D to analyze when there are issues happening when FSDB dump           #
#######################################################################################
ANF: vcsd_get_serial_mode_status('simv: undefined symbol: vcsd_get_serial_mode_status')
ANF: vcsd_enable_sva_success_callback('simv: undefined symbol: vcsd_enable_sva_success_callback')
ANF: vcsd_disable_sva_success_callback('simv: undefined symbol: vcsd_disable_sva_success_callback')
ANF: vcsd_get_power_scope_name('simv: undefined symbol: vcsd_get_power_scope_name')
ANF: vcsd_begin_no_value_var_info('simv: undefined symbol: vcsd_begin_no_value_var_info')
ANF: vcsd_end_no_value_var_info('simv: undefined symbol: vcsd_end_no_value_var_info')
ANF: vcsd_remove_xprop_merge_mode_callback('simv: undefined symbol: vcsd_remove_xprop_merge_mode_callback')
ANF: vhpi_get_cb_info('simv: undefined symbol: vhpi_get_cb_info')
ANF: vhpi_free_handle('simv: undefined symbol: vhpi_free_handle')
ANF: vhpi_fetch_vcsd_handle('simv: undefined symbol: vhpi_fetch_vcsd_handle')
ANF: vhpi_fetch_vpi_handle('simv: undefined symbol: vhpi_fetch_vpi_handle')
ANF: vhpi_has_verilog_parent('simv: undefined symbol: vhpi_has_verilog_parent')
ANF: vhpi_is_verilog_scope('simv: undefined symbol: vhpi_is_verilog_scope')
ANF: scsd_xprop_is_enabled('simv: undefined symbol: scsd_xprop_is_enabled')
ANF: scsd_xprop_sig_is_promoted('simv: undefined symbol: scsd_xprop_sig_is_promoted')
ANF: scsd_xprop_int_xvalue('simv: undefined symbol: scsd_xprop_int_xvalue')
ANF: scsd_xprop_bool_xvalue('simv: undefined symbol: scsd_xprop_bool_xvalue')
ANF: scsd_xprop_enum_xvalue('simv: undefined symbol: scsd_xprop_enum_xvalue')
ANF: scsd_xprop_register_merge_mode_cb('simv: undefined symbol: scsd_xprop_register_merge_mode_cb')
ANF: scsd_xprop_delete_merge_mode_cb('simv: undefined symbol: scsd_xprop_delete_merge_mode_cb')
ANF: scsd_xprop_get_merge_mode('simv: undefined symbol: scsd_xprop_get_merge_mode')
ANF: scsd_thread_get_info('simv: undefined symbol: scsd_thread_get_info')
ANF: scsd_thread_vc_init('simv: undefined symbol: scsd_thread_vc_init')
ANF: scsd_master_set_delta_sync_cbk('simv: undefined symbol: scsd_master_set_delta_sync_cbk')
ANF: scsd_fgp_get_fsdb_cores('simv: undefined symbol: scsd_fgp_get_fsdb_cores')
ANF: scsd_fgp_get_is_cpu_affinity_disabled('simv: undefined symbol: scsd_fgp_get_is_cpu_affinity_disabled')
ANF: vhdi_dt_get_type('simv: undefined symbol: vhdi_dt_get_type')
ANF: vhdi_dt_get_key('simv: undefined symbol: vhdi_dt_get_key')
ANF: vhdi_dt_get_vhdl_enum_info('simv: undefined symbol: vhdi_dt_get_vhdl_enum_info')
ANF: vhdi_dt_get_vhdl_physical_info('simv: undefined symbol: vhdi_dt_get_vhdl_physical_info')
ANF: vhdi_dt_get_vhdl_array_info('simv: undefined symbol: vhdi_dt_get_vhdl_array_info')
ANF: vhdi_dt_get_vhdl_record_info('simv: undefined symbol: vhdi_dt_get_vhdl_record_info')
ANF: vhdi_def_traverse_module('simv: undefined symbol: vhdi_def_traverse_module')
ANF: vhdi_def_traverse_scope('simv: undefined symbol: vhdi_def_traverse_scope')
ANF: vhdi_def_traverse_variable('simv: undefined symbol: vhdi_def_traverse_variable')
ANF: vhdi_def_get_module_id_by_vhpi('simv: undefined symbol: vhdi_def_get_module_id_by_vhpi')
ANF: vhdi_def_get_handle_by_module_id('simv: undefined symbol: vhdi_def_get_handle_by_module_id')
ANF: vhdi_def_get_variable_info_by_vhpi('simv: undefined symbol: vhdi_def_get_variable_info_by_vhpi')
ANF: vhdi_def_free('simv: undefined symbol: vhdi_def_free')
ANF: vhdi_ist_traverse_scope('simv: undefined symbol: vhdi_ist_traverse_scope')
ANF: vhdi_ist_traverse_variable('simv: undefined symbol: vhdi_ist_traverse_variable')
ANF: vhdi_ist_convert_by_vhpi('simv: undefined symbol: vhdi_ist_convert_by_vhpi')
ANF: vhdi_ist_clone('simv: undefined symbol: vhdi_ist_clone')
ANF: vhdi_ist_free('simv: undefined symbol: vhdi_ist_free')
ANF: vhdi_ist_hash_key('simv: undefined symbol: vhdi_ist_hash_key')
ANF: vhdi_ist_compare('simv: undefined symbol: vhdi_ist_compare')
ANF: vhdi_ist_get_value_addr('simv: undefined symbol: vhdi_ist_get_value_addr')
ANF: vhdi_set_scsd_callback('simv: undefined symbol: vhdi_set_scsd_callback')
ANF: vhdi_cbk_set_force_callback('simv: undefined symbol: vhdi_cbk_set_force_callback')
ANF: vhdi_trigger_init_force('simv: undefined symbol: vhdi_trigger_init_force')
ANF: vhdi_ist_check_scsd_callback('simv: undefined symbol: vhdi_ist_check_scsd_callback')
ANF: vhdi_ist_add_scsd_callback('simv: undefined symbol: vhdi_ist_add_scsd_callback')
ANF: vhdi_ist_remove_scsd_callback('simv: undefined symbol: vhdi_ist_remove_scsd_callback')
ANF: vhdi_ist_get_scsd_user_data('simv: undefined symbol: vhdi_ist_get_scsd_user_data')
ANF: vhdi_add_time_change_callback('simv: undefined symbol: vhdi_add_time_change_callback')
ANF: vhdi_get_real_value_by_value_addr('simv: undefined symbol: vhdi_get_real_value_by_value_addr')
ANF: vhdi_get_64_value_by_value_addr('simv: undefined symbol: vhdi_get_64_value_by_value_addr')
ANF: vhdi_xprop_inst_is_promoted('simv: undefined symbol: vhdi_xprop_inst_is_promoted')
ANF: vdi_ist_convert_by_vhdi('simv: undefined symbol: vdi_ist_convert_by_vhdi')
ANF: vhdi_ist_get_module_id('simv: undefined symbol: vhdi_ist_get_module_id')
ANF: vhdi_refine_foreign_scope_type('simv: undefined symbol: vhdi_refine_foreign_scope_type')
ANF: vhdi_flush_callback('simv: undefined symbol: vhdi_flush_callback')
ANF: vhdi_set_orig_name('simv: undefined symbol: vhdi_set_orig_name')
ANF: vhdi_set_dump_pt('simv: undefined symbol: vhdi_set_dump_pt')
ANF: vhdi_get_fsdb_option('simv: undefined symbol: vhdi_get_fsdb_option')
ANF: vhdi_fgp_get_mode('simv: undefined symbol: vhdi_fgp_get_mode')
ANF: vhdi_node_register_composite_var('simv: undefined symbol: vhdi_node_register_composite_var')
ANF: vhdi_node_analysis('simv: undefined symbol: vhdi_node_analysis')
ANF: vhdi_node_id('simv: undefined symbol: vhdi_node_id')
ANF: vhdi_node_ist_check_scsd_callback('simv: undefined symbol: vhdi_node_ist_check_scsd_callback')
ANF: vhdi_node_ist_add_scsd_callback('simv: undefined symbol: vhdi_node_ist_add_scsd_callback')
ANF: vhdi_node_ist_get_value_addr('simv: undefined symbol: vhdi_node_ist_get_value_addr')
ANF: vhdi_enc_def_traverse_module('simv: undefined symbol: vhdi_enc_def_traverse_module')
ANF: vhdi_enc_def_traverse_scope('simv: undefined symbol: vhdi_enc_def_traverse_scope')
ANF: vhdi_enc_def_traverse_variable('simv: undefined symbol: vhdi_enc_def_traverse_variable')
ANF: vhdi_enc_ist_traverse_scope('simv: undefined symbol: vhdi_enc_ist_traverse_scope')
ANF: vhdi_enc_ist_traverse_variable('simv: undefined symbol: vhdi_enc_ist_traverse_variable')
ANF: vhdi_enc_ist_get_module_id('simv: undefined symbol: vhdi_enc_ist_get_module_id')
ANF: vhdi_enc_def_get_handle_by_module_id('simv: undefined symbol: vhdi_enc_def_get_handle_by_module_id')
VCS compile option:
 option[0]: simv
 option[1]: +v2k
 option[2]: -a
 option[3]: vcs.log
 option[4]: +define+GATE
 option[5]: +neg_tchk
 option[6]: /usr/cad/synopsys/vcs/2022.06/linux64/bin/vcs1
 option[7]: -Mcc=gcc
 option[8]: -Mcplusplus=g++
 option[9]: -Masflags=
 option[10]: -Mcfl= -pipe -fPIC -O -I/usr/cad/synopsys/vcs/2022.06/include 
 option[11]: -Mxllcflags=
 option[12]: -Mxcflags= -pipe -fPIC -I/usr/cad/synopsys/vcs/2022.06/include
 option[13]: -Mldflags= -rdynamic 
 option[14]: -Mout=simv
 option[15]: -Mamsrun=
 option[16]: -Mvcsaceobjs=
 option[17]: -Mobjects= /usr/cad/synopsys/vcs/2022.06/linux64/lib/libvirsim.so /usr/cad/synopsys/vcs/2022.06/linux64/lib/liberrorinf.so /usr/cad/synopsys/vcs/2022.06/linux64/lib/libsnpsmalloc.so /usr/cad/synopsys/vcs/2022.06/linux64/lib/libvfs.so 
 option[18]: -Mexternalobj=
 option[19]: -Msaverestoreobj=/usr/cad/synopsys/vcs/2022.06/linux64/lib/vcs_save_restore_new.o
 option[20]: -Mcrt0=
 option[21]: -Mcrtn=
 option[22]: -Mcsrc=
 option[23]: -Mupdate
 option[24]: -Msyslibs=/usr/cad/synopsys/verdi/2022.06//share/PLI/VCS/LINUX64/pli.a -ldl 
 option[25]: -l
 option[26]: vcs.log
 option[27]: -Xvcs_run_simv=1
 option[28]: -timescale=1ns/1fs
 option[29]: -j4
 option[30]: -Xcmopt=0x2
 option[31]: +v2k
 option[32]: -full64
 option[33]: -debug_access+all
 option[34]: +vpi
 option[35]: +vcsd1
 option[36]: +itf+/usr/cad/synopsys/vcs/2022.06/linux64/lib/vcsdp_lite.tab
 option[37]: -o
 option[38]: simv
 option[39]: +define+GATE
 option[40]: +neg_tchk
 option[41]: -picarchive
 option[42]: -P
 option[43]: /usr/cad/synopsys/verdi/2022.06//share/PLI/VCS/LINUX64/verdi.tab
 option[44]: -fsdb
 option[45]: -sverilog
 option[46]: -gen_obj
 option[47]: -f
 option[48]: filelist.f
 option[49]: -v
 option[50]: /EDA_LIB/LIB/CBDK_IC_Contest_v2.5/Verilog/tsmc13_neg.v
 option[51]: -load
 option[52]: /usr/cad/synopsys/verdi/2022.06//share/PLI/VCS/LINUX64/libnovas.so:FSDBDumpCmd
 option[53]: timescale=1ns/1fs
Chronologic Simulation VCS Release T-2022.06_Full64
Linux 3.10.0-1160.119.1.el7.x86_64 #1 SMP Tue Jun 4 14:43:51 UTC 2024 x86_64
CPU cores: 64
Limit information:
======================================
cputime		unlimited
filesize		unlimited
datasize		unlimited
stacksize		8192 kbytes
coredumpsize		0 kbytes
memoryuse		unlimited
vmemoryuse		unlimited
descriptors		4096
memorylocked		64 kbytes
maxproc		4096
======================================
(Special)Runtime environment variables:

Runtime environment variables:
REMOTEHOST=140.113.217.114
MANPATH=/usr/cad/synopsys/vcs/2022.06/doc/man:/usr/cad/synopsys/synthesis/2022.12/doc/syn/man
SYNOPSYS_LC_ROOT=/usr/cad/synopsys/lc/cur
POWERVIEW_64=1
XDG_SESSION_ID=18416
HOSTNAME=localhost.localdomain
UNAME=/bin/uname
SELINUX_ROLE_REQUESTED=
SCRNAME=vcs
VCS_DEPTH=0
SHELL=/bin/csh
TERM=xterm
HOST=localhost.localdomain
MAKEFLAGS=
SSH_CLIENT=140.113.217.114 52766 22
SNPS_VCS_INTERNAL_MMAP_VIR=1
SELINUX_USE_CURRENT_RANGE=
VCS_LOG_FILE=vcs.log
QTDIR=/usr/lib64/qt-3.3
QTINC=/usr/lib64/qt-3.3/include
SSH_TTY=/dev/pts/4
LC_ALL=C
SNPS_VCS_INTERNAL_ROOT_PID=12656
QT_GRAPHICSSYSTEM_CHECKED=1
USER=VLSILAB45
GROUP=VLSILAB45
LS_COLORS=rs=0:di=01;34:ln=01;36:mh=00:pi=40;33:so=01;35:do=01;35:bd=40;33;01:cd=40;33;01:or=40;31;01:mi=01;05;37;41:su=37;41:sg=30;43:ca=30;41:tw=30;42:ow=34;42:st=37;44:ex=01;32:*.tar=01;31:*.tgz=01;31:*.arc=01;31:*.arj=01;31:*.taz=01;31:*.lha=01;31:*.lz4=01;31:*.lzh=01;31:*.lzma=01;31:*.tlz=01;31:*.txz=01;31:*.tzo=01;31:*.t7z=01;31:*.zip=01;31:*.z=01;31:*.Z=01;31:*.dz=01;31:*.gz=01;31:*.lrz=01;31:*.lz=01;31:*.lzo=01;31:*.xz=01;31:*.bz2=01;31:*.bz=01;31:*.tbz=01;31:*.tbz2=01;31:*.tz=01;31:*.deb=01;31:*.rpm=01;31:*.jar=01;31:*.war=01;31:*.ear=01;31:*.sar=01;31:*.rar=01;31:*.alz=01;31:*.ace=01;31:*.zoo=01;31:*.cpio=01;31:*.7z=01;31:*.rz=01;31:*.cab=01;31:*.jpg=01;35:*.jpeg=01;35:*.gif=01;35:*.bmp=01;35:*.pbm=01;35:*.pgm=01;35:*.ppm=01;35:*.tga=01;35:*.xbm=01;35:*.xpm=01;35:*.tif=01;35:*.tiff=01;35:*.png=01;35:*.svg=01;35:*.svgz=01;35:*.mng=01;35:*.pcx=01;35:*.mov=01;35:*.mpg=01;35:*.mpeg=01;35:*.m2v=01;35:*.mkv=01;35:*.webm=01;35:*.ogm=01;35:*.mp4=01;35:*.m4v=01;35:*.mp4v=01;35:*.vob=01;35:*.qt=01;35:*.nuv=01;35:*.wmv=01;35:*.asf=01;35:*.rm=01;35:*.rmvb=01;35:*.flc=01;35:*.avi=01;35:*.fli=01;35:*.flv=01;35:*.gl=01;35:*.dl=01;35:*.xcf=01;35:*.xwd=01;35:*.yuv=01;35:*.cgm=01;35:*.emf=01;35:*.axv=01;35:*.anx=01;35:*.ogv=01;35:*.ogx=01;35:*.aac=01;36:*.au=01;36:*.flac=01;36:*.mid=01;36:*.midi=01;36:*.mka=01;36:*.mp3=01;36:*.mpc=01;36:*.ogg=01;36:*.ra=01;36:*.wav=01;36:*.axa=01;36:*.oga=01;36:*.spx=01;36:*.xspf=01;36:
LD_LIBRARY_PATH=/usr/cad/synopsys/vcs/2022.06/lib:/usr/cad/synopsys/vcs/2022.06/linux64/lib:/cad/cadence/VMANAGER/VMANAGER_22.09.002/tools/lib/64bit:/cad/cadence/VMANAGER/VMANAGER_22.09.002/tools/lib64:/cad/cadence/VMANAGER/VMANAGER_22.09.002/tools/lib::/usr/cad/cadence/XCELIUM/XCELIUM_22.03.003/tools/lib/64bit:/usr/cad/cadence/XCELIUM/XCELIUM_22.03.003/tools/lib64:/usr/cad/cadence/XCELIUM/XCELIUM_22.03.003/tools/lib::::/usr/cad/synopsys/verdi/2022.06//etc/lib/libstdc++/LINUX64/:/usr/cad/synopsys/verdi/2022.06//share/PLI/lib/LINUX64/:/usr/cad/synopsys/verdi/2022.06//share/PLI/VCS/LINUX64/::/usr/cad/synopsys/verdi/cur/share/PLI/VCS/LINUX64::/lib64:/usr/lib64:/usr/local/lib64
SCRIPT_NAME=vcs
VCS_MX_HOME_INTERNAL=1
HOSTTYPE=x86_64-linux
SNPS_VCS_CLANG_PATH=/usr/cad/synopsys/vcs/2022.06/linux64/clang
MAKELEVEL=1
VCS_USER_OPTIONS=-timescale=1ns/1fs -j4 -sverilog +v2k -full64 -Mupdate -R -debug_access+all -f filelist.f -o simv -l vcs.log -v /EDA_LIB/LIB/CBDK_IC_Contest_v2.5/Verilog/tsmc13_neg.v +define+GATE +neg_tchk
OVA_UUM=0
MFLAGS=
VCS_MODE_FLAG=64
PATH=.:/usr/lib64/qt-3.3/bin:/cad/cadence/VMANAGER/VMANAGER_22.09.002/tools/bin/64bit:/cad/cadence/VMANAGER/VMANAGER_22.09.002/tools/bin:/usr/cad/cadence/XCELIUM/XCELIUM_22.03.003/tools/bin/64bit:/usr/cad/cadence/XCELIUM/XCELIUM_22.03.003/tools/bin:/usr/cad/synopsys/finesim/2022.06//bin:/usr/cad/synopsys/synthesis/2022.12/amd64/syn/bin:/usr/cad/synopsys/lc/cur/bin:/usr/cad/synopsys/verdi/2022.06//bin:/usr/cad/synopsys/vcs/2022.06/bin:/usr/cad/synopsys/vcs/2022.06/vcfca/bin:/usr/cad/synopsys/vcs/2022.06/amd64/bin:/usr/local/bin:/usr/bin:/usr/local/sbin:/usr/sbin
MAIL=/var/spool/mail/VLSILAB45
SNPS_VCS_INTERNAL_CURR_PID=12656
VERDI_HOME=/usr/cad/synopsys/verdi/2022.06/
PWD=/home/VLSILAB45/Lab4/03_GATE
VCS_HOME=/usr/cad/synopsys/vcs/2022.06
SNPS_VCS_INTERNAL_MEMPRELOAD_USE_LIBC=1
SNPS_INTERNAL_VCS_LINUX_OS=linux
LANG=en_US.UTF-8
FINESIM_64=1
VMR_MODE_FLAG=64
SELINUX_LEVEL_REQUESTED=
FINEWAVE_64=1
VCS_CC=gcc
LM_LICENSE_FILE=5280@hostname:26585@lshc:
VCS_ARG_ADDED_FOR_TMP=1
SNPS_VCS_TMPDIR=/tmp/vcs_20260519074804_12656
HOME=/home/VLSILAB45
SHLVL=4
OSTYPE=linux
VCS_STATIC_HOME=/usr/cad/synopsys/vcs/2022.06/vcfca
VCS_COM=/usr/cad/synopsys/vcs/2022.06/linux64/bin/vcs1
VENDOR=unknown
MACHTYPE=x86_64
LOGNAME=VLSILAB45
QTLIB=/usr/lib64/qt-3.3/lib
SNPS_VCS_INTERNAL_ROOT_START_TIME=1779176885.042865267
SSH_CONNECTION=140.113.217.114 52766 192.168.1.210 22
LESSOPEN=||/usr/bin/lesspipe.sh %s
SHLIB_PATH=/usr/cad/synopsys/verdi/2022.06//etc/lib/libstdc++/LINUX64/:/usr/cad/synopsys/verdi/2022.06//share/PLI/lib/LINUX64/:/usr/cad/synopsys/verdi/2022.06//share/PLI/VCS/LINUX64/:
sysc_uni_pwd=/home/VLSILAB45/Lab4/03_GATE
XDG_RUNTIME_DIR=/run/user/1078
DISPLAY=localhost:13.0
VCS_ARCH=linux64
SYN_MAN_DIR=/usr/cad/synopsys/synthesis/2022.12/doc/syn/man
TOOL_HOME=/usr/cad/synopsys/vcs/2022.06/linux64
_=./simv
OLDPWD=/home/VLSILAB45/Lab4/03_GATE/simv.daidir/debug_dump/fsearch
VCS_PATHMAP_PRELOAD_DONE=1
VCS_EXEC_DONE=1
DVE=/usr/cad/synopsys/vcs/2022.06/gui/dve
SPECMAN_OUTPUT_TO_TTY=1
FLEXLM_BORROWFILE=/home/VLSILAB45/.localhost.localdomain-borrow.txt
Runtime command line arguments:
argv[0]=simv
argv[1]=+v2k
argv[2]=-a
argv[3]=vcs.log
argv[4]=+define+GATE
argv[5]=+neg_tchk
244 profile - 100
          CPU/Mem usage: 0.060 sys,  0.290 user,  263.64M mem
245 Elapsed time:    0:00:01    Tue May 19 03:48:09 2026
246 User CPU time used: 0 seconds
247 System CPU time used: 0 seconds
248 pliAppInit
249 [SC]Init: MemoryConsumed=0.00MB ElapsedTime=0hour 0min. 0sec.
250 FSDB_GATE is set.
251 FSDB_RTL is set.
252 FSDB_ALIAS_ARRAY_ELEM is set to 4294967295.
253 Enable Parallel Dumping.
254 pliAppMiscSet: New Sim Round
255 pliEntryInit
256 LIBSSCORE=found /usr/cad/synopsys/verdi/2022.06//share/PLI/lib/LINUXAMD64/libsscore_vcs202206.so through $NOVAS_HOME setting.
257 FSDB Dumper for VCS, Release Verdi_T-2022.06, Linux x86_64/64bit, 05/29/2022
258 (C) 1996 - 2022 by Synopsys, Inc.
259 sps_call_fsdbDumpfile_main at 0 : TESTBED.v(53)
260 argv[0]: (FIFO_SYN.fsdb)
261 *Verdi* FSDB WARNING: The FSDB file already exists. Overwriting the FSDB file may crash the programs that are using this file.
262 *Verdi* : Create FSDB file 'FIFO_SYN.fsdb'
263 [spi_vcs_vd_ppi_create_root]: no upf option
264 compile option from '/home/VLSILAB45/Lab4/03_GATE/simv.daidir/vcs_rebuild'.
265   "vcs '-timescale=1ns/1fs' '-j4' '-sverilog' '+v2k' '-full64' '-Mupdate' '-R' '-debug_access+all' '-f' 'filelist.f' '-o' 'simv' '-l' 'vcs.log' '-v' '/EDA_LIB/LIB/CBDK_IC_Contest_v2.5/Verilog/tsmc13_neg.v' '+define+GATE' '+neg_tchk' 2>&1"
266 DVDI_is_vir_unload_enabled is enable
267 FSDB_VCS_ENABLE_NATIVE_VC is enable
268 sps_call_fsdbDumpvars_vd_main at 0 : TESTBED.v(54)
269 argv[0]: (0)
270 argv[1]: (+mda)
271 *Verdi* : Begin traversing the scopes, layer (0).
272 *Verdi* : Enable +mda dumping.
273 *Verdi* : End of traversing.
274 pliAppHDL_DumpVarComplete traverse var: profile - 
          CPU/Mem usage: 0.100 sys,  0.310 user,  363.66M mem
                   incr: 0.010 sys,  0.020 user,  8.38M mem
                   accu: 0.010 sys,  0.020 user,  8.38M mem
              accu incr: 0.010 sys,  0.020 user,  8.38M mem

          Count usage: 20366 var,  20643 idcode,  600 callback
                 incr: 20366 var,  20643 idcode,  600 callback
                 accu: 20366 var,  20643 idcode,  600 callback
            accu incr: 20366 var,  20643 idcode,  600 callback
275 Elapsed time:    0:00:01    Tue May 19 03:48:09 2026
276 User CPU time used: 0 seconds
277 System CPU time used: 0 seconds
278 pliAppHDL_DumpVarComplete: profile - 
          CPU/Mem usage: 0.100 sys,  0.320 user,  365.27M mem
                   incr: 0.000 sys,  0.010 user,  1.61M mem
                   accu: 0.010 sys,  0.030 user,  9.99M mem
              accu incr: 0.000 sys,  0.010 user,  1.61M mem

          Count usage: 20366 var,  20643 idcode,  600 callback
                 incr: 0 var,  0 idcode,  0 callback
                 accu: 20366 var,  20643 idcode,  600 callback
            accu incr: 0 var,  0 idcode,  0 callback
279 Elapsed time:    0:00:01    Tue May 19 03:48:09 2026
280 User CPU time used: 0 seconds
281 System CPU time used: 0 seconds
282 sps_call_fsdbDumpvars_vd_main at 0 : TESTBED.v(55)
283 *Verdi* : Begin traversing the scopes, layer (0).
284 *Verdi* : End of traversing.
285 pliAppHDL_DumpVarComplete traverse var: profile - 
          CPU/Mem usage: 0.100 sys,  0.320 user,  365.27M mem
                   incr: 0.000 sys,  0.000 user,  0.00M mem
                   accu: 0.000 sys,  0.000 user,  0.00M mem
              accu incr: 0.000 sys,  0.000 user,  0.00M mem

          Count usage: 20731 var,  20643 idcode,  600 callback
                 incr: 365 var,  0 idcode,  0 callback
                 accu: 365 var,  0 idcode,  0 callback
            accu incr: 365 var,  0 idcode,  0 callback
286 Elapsed time:    0:00:01    Tue May 19 03:48:09 2026
287 User CPU time used: 0 seconds
288 System CPU time used: 0 seconds
289 pliAppHDL_DumpVarComplete: profile - 
          CPU/Mem usage: 0.100 sys,  0.330 user,  365.27M mem
                   incr: 0.000 sys,  0.010 user,  0.00M mem
                   accu: 0.000 sys,  0.010 user,  0.00M mem
              accu incr: 0.000 sys,  0.010 user,  0.00M mem

          Count usage: 20731 var,  20643 idcode,  600 callback
                 incr: 0 var,  0 idcode,  0 callback
                 accu: 365 var,  0 idcode,  0 callback
            accu incr: 0 var,  0 idcode,  0 callback
290 Elapsed time:    0:00:01    Tue May 19 03:48:09 2026
291 User CPU time used: 0 seconds
292 System CPU time used: 0 seconds
293 End of simulation at 21552000
294 Memory usage: 365.273 M
295 Maximum resident set size: 155 MB
296 Hard page faults: 0
297 Soft page faults: 25856
298 Elapsed time:    0:00:01    Tue May 19 03:48:09 2026
299 User CPU time used: 0 seconds
300 System CPU time used: 0 seconds
301 Begin FSDB profile info:
302 FSDB Writer : bc1(62668) bcn(45332) mtf/stf(0/0)
FSDB Writer elapsed time : flush(0.022588) io wait(0.000000) theadpool wait(0.000000)
FSDB Writer cpu time : MT Compression : 0
303 End FSDB profile info
304 FSDB closed. Name: FIFO_SYN.fsdb Size: 131342
305 Parallel profile     - ProducerThread:1 ConsumerThread:1 Buffer:64MB
306                      - BlockUsed:1 Acquire:104891 BufferUsed:1242567
307                      - Flush:4 Expand:0 ProducerWait:0 ConsumerWait:0
308                      - MainProducerTime:0.516955975 TotalConsumerTime:0.000000000
309                      - ElapsedTime:0.174878000
310 Producer   0 profile - BlockUsed:1 Acquire:104891 BufferUsed:1242567
311 Consumer   0 profile - Affinity:-1 CPUTime:0.000000000 LifeTime:0.000000000 (-nan%)
312                      - BlockUsed:1 Acquire:104891 BufferUsed:1242567
313 SimExit
314 Elapsed time:    0:00:01    Tue May 19 03:48:09 2026
315 User CPU time used: 0 seconds
316 System CPU time used: 0 seconds
317 Sim process exit
