Command: vcs -timescale=1ns/1fs -j4 -sverilog +v2k -full64 -Mupdate -R -debug_access+all \
-y /usr/cad/synopsys/synthesis/cur/dw/sim_ver/ +libext+.v -f filelist.f -o simv -l \
vcs.log +define+RTL +notimingchecks
*** Using c compiler gcc instead of cc ...
                         Chronologic VCS (TM)
         Version T-2022.06_Full64 -- Tue May 19 03:46:45 2026

                    Copyright (c) 1991 - 2022 Synopsys, Inc.
   This software and the associated documentation are proprietary to Synopsys,
 Inc. This software may only be used in accordance with the terms and conditions
 of a written license agreement with Synopsys, Inc. All other use, reproduction,
   or distribution of this software is strictly prohibited.  Licensed Products
     communicate with Synopsys servers for the purpose of providing software
    updates, detecting software piracy and verifying that customers are using
    Licensed Products in conformity with the applicable License Key for such
  Licensed Products. Synopsys will use information gathered in connection with
    this process to deliver software updates and pursue software pirates and
                                   infringers.

 Inclusivity & Diversity - Visit SolvNetPlus to read the "Synopsys Statement on
            Inclusivity and Diversity" (Refer to article 000036315 at
                        https://solvnetplus.synopsys.com)

Parsing design file 'TESTBED.v'
Parsing included file 'PATTERN.v'.
Back to file 'TESTBED.v'.
Parsing included file 'FIFO.v'.
Back to file 'TESTBED.v'.
Top Level Modules:
       TESTBED
TimeScale is 1 ns / 10 ps

Warning-[PCWM-W] Port connection width mismatch
TESTBED.v, 62
"FIFO #(DATA_WIDTH, FIFO_DEPTH, ) u_FIFO( .clk (clk),  .rst_n (rst_n),  .w_en (w_en),  .w_data (w_data),  .r_en (r_en),  .r_data (r_data),  .full (full),  .empty (empty));"
  The following 16-bit expression is connected to 8-bit port "w_data" of 
  module "FIFO", instance "u_FIFO".
  Expression: w_data
  Instantiated module defined at: "FIFO.v", 1
  Use +lint=PCWM for more details.


Warning-[PCWM-W] Port connection width mismatch
TESTBED.v, 62
"FIFO #(DATA_WIDTH, FIFO_DEPTH, ) u_FIFO( .clk (clk),  .rst_n (rst_n),  .w_en (w_en),  .w_data (w_data),  .r_en (r_en),  .r_data (r_data),  .full (full),  .empty (empty));"
  The following 16-bit expression is connected to 8-bit port "r_data" of 
  module "FIFO", instance "u_FIFO".
  Expression: r_data
  Instantiated module defined at: "FIFO.v", 1
  Use +lint=PCWM for more details.


Warning-[PCWM-W] Port connection width mismatch
TESTBED.v, 76
"PATTERN #(DATA_WIDTH, FIFO_DEPTH) u_PATTERN( .clk (clk),  .rst_n (rst_n),  .w_en (w_en),  .w_data (w_data),  .r_en (r_en),  .r_data (r_data),  .full (full),  .empty (empty));"
  The following 16-bit expression is connected to 8-bit port "w_data" of 
  module "PATTERN", instance "u_PATTERN".
  Expression: w_data
  Instantiated module defined at: "PATTERN.v", 8
  Use +lint=PCWM for more details.


Warning-[PCWM-W] Port connection width mismatch
TESTBED.v, 76
"PATTERN #(DATA_WIDTH, FIFO_DEPTH) u_PATTERN( .clk (clk),  .rst_n (rst_n),  .w_en (w_en),  .w_data (w_data),  .r_en (r_en),  .r_data (r_data),  .full (full),  .empty (empty));"
  The following 16-bit expression is connected to 8-bit port "r_data" of 
  module "PATTERN", instance "u_PATTERN".
  Expression: r_data
  Instantiated module defined at: "PATTERN.v", 8
  Use +lint=PCWM for more details.

Starting vcs inline pass...


Note-[VCS_PARAL] Parallel code-gen enabled
  VCS is running with parallel code generation(-j)...

1 module and 0 UDP read.
recompiling module TESTBED
make[1]: Entering directory `/home/VLSILAB45/Lab4/01_RTL/csrc'
rm -f _cuarc*.so _csrc*.so pre_vcsobj_*.so share_vcsobj_*.so
ld -shared  -Bsymbolic   -o .//../simv.daidir//_cuarc0.so objs/amcQw_d.o 
rm -f _cuarc0.so
if [ -x ../simv ]; then chmod a-x ../simv; fi
g++  -o ../simv      -rdynamic  -Wl,-rpath='$ORIGIN'/simv.daidir -Wl,-rpath=./simv.daidir \
-Wl,-rpath=/usr/cad/synopsys/vcs/2022.06/linux64/lib -L/usr/cad/synopsys/vcs/2022.06/linux64/lib \
-Wl,-rpath-link=./  /usr/lib64/libnuma.so.1     _12282_archive_1.so _12300_archive_1.so \
_prev_archive_1.so _cuarc0.so  SIM_l.o      rmapats_mop.o rmapats.o rmar.o rmar_nd.o \
rmar_llvm_0_1.o rmar_llvm_0_0.o           -lvirsim -lerrorinf -lsnpsmalloc -lvfs \
-lvcsnew -lsimprofile -luclinative /usr/cad/synopsys/vcs/2022.06/linux64/lib/vcs_tls.o \
-Wl,-whole-archive  -lvcsucli    -Wl,-no-whole-archive        _vcs_pli_stub_.o   \
/usr/cad/synopsys/vcs/2022.06/linux64/lib/vcs_save_restore_new.o /usr/cad/synopsys/verdi/2022.06//share/PLI/VCS/LINUX64/pli.a \
-ldl  -lc -lm -lpthread -ldl 
../simv up to date
make[1]: Leaving directory `/home/VLSILAB45/Lab4/01_RTL/csrc'
Command: /home/VLSILAB45/Lab4/01_RTL/./simv +v2k +libext+.v -a vcs.log +define+RTL +notimingchecks
Chronologic VCS simulator copyright 1991-2022
Contains Synopsys proprietary information.
Compiler version T-2022.06_Full64; Runtime version T-2022.06_Full64;  May 19 03:46 2026
*Verdi* Loading libsscore_vcs202206.so
FSDB Dumper for VCS, Release Verdi_T-2022.06, Linux x86_64/64bit, 05/29/2022
(C) 1996 - 2022 by Synopsys, Inc.
*Verdi* FSDB WARNING: The FSDB file already exists. Overwriting the FSDB file may crash the programs that are using this file.
*Verdi* : Create FSDB file 'FIFO.fsdb'
*Verdi* : Begin traversing the scopes, layer (0).
*Verdi* : Enable +mda dumping.
*Verdi* : End of traversing.
*Verdi* : Begin traversing the scopes, layer (0).
*Verdi* : End of traversing.
=> Start Full Task...
 [32m[INFO] FULL TASK PASSED [0m
=> Start Empty Task...
 [32m[INFO] EMPTY TASK PASSED [0m
=> Start Random R/W Task...
 [32m[INFO] RANDOM TASK PASSED [0m
*************************************************************************
*                Congratulations!                                       *
*                Your clock period = 20.0 ns                            *
*************************************************************************
==========================================================================================
$finish called from file "PATTERN.v", line 272.
$finish at simulation time              2155200
           V C S   S i m u l a t i o n   R e p o r t 
Time: 21552000 ps
CPU Time:      0.460 seconds;       Data structure size:   0.0Mb
Tue May 19 03:46:48 2026
CPU time: .734 seconds to compile + .474 seconds to elab + .520 seconds to link + .525 seconds in simulation
