#######################################################################################
# log primitive debug message of FSDB dumping                                         #
# This is for R&D to analyze when there are issues happening when FSDB dump           #
#######################################################################################
ANF: vcsd_get_serial_mode_status('simv: undefined symbol: vcsd_get_serial_mode_status')
ANF: vcsd_enable_sva_success_callback('simv: undefined symbol: vcsd_enable_sva_success_callback')
ANF: vcsd_disable_sva_success_callback('simv: undefined symbol: vcsd_disable_sva_success_callback')
ANF: vcsd_get_power_scope_name('simv: undefined symbol: vcsd_get_power_scope_name')
ANF: vcsd_begin_no_value_var_info('simv: undefined symbol: vcsd_begin_no_value_var_info')
ANF: vcsd_end_no_value_var_info('simv: undefined symbol: vcsd_end_no_value_var_info')
ANF: vcsd_remove_xprop_merge_mode_callback('simv: undefined symbol: vcsd_remove_xprop_merge_mode_callback')
ANF: vhpi_get_cb_info('simv: undefined symbol: vhpi_get_cb_info')
ANF: vhpi_free_handle('simv: undefined symbol: vhpi_free_handle')
ANF: vhpi_fetch_vcsd_handle('simv: undefined symbol: vhpi_fetch_vcsd_handle')
ANF: vhpi_fetch_vpi_handle('simv: undefined symbol: vhpi_fetch_vpi_handle')
ANF: vhpi_has_verilog_parent('simv: undefined symbol: vhpi_has_verilog_parent')
ANF: vhpi_is_verilog_scope('simv: undefined symbol: vhpi_is_verilog_scope')
ANF: scsd_xprop_is_enabled('simv: undefined symbol: scsd_xprop_is_enabled')
ANF: scsd_xprop_sig_is_promoted('simv: undefined symbol: scsd_xprop_sig_is_promoted')
ANF: scsd_xprop_int_xvalue('simv: undefined symbol: scsd_xprop_int_xvalue')
ANF: scsd_xprop_bool_xvalue('simv: undefined symbol: scsd_xprop_bool_xvalue')
ANF: scsd_xprop_enum_xvalue('simv: undefined symbol: scsd_xprop_enum_xvalue')
ANF: scsd_xprop_register_merge_mode_cb('simv: undefined symbol: scsd_xprop_register_merge_mode_cb')
ANF: scsd_xprop_delete_merge_mode_cb('simv: undefined symbol: scsd_xprop_delete_merge_mode_cb')
ANF: scsd_xprop_get_merge_mode('simv: undefined symbol: scsd_xprop_get_merge_mode')
ANF: scsd_thread_get_info('simv: undefined symbol: scsd_thread_get_info')
ANF: scsd_thread_vc_init('simv: undefined symbol: scsd_thread_vc_init')
ANF: scsd_master_set_delta_sync_cbk('simv: undefined symbol: scsd_master_set_delta_sync_cbk')
ANF: scsd_fgp_get_fsdb_cores('simv: undefined symbol: scsd_fgp_get_fsdb_cores')
ANF: scsd_fgp_get_is_cpu_affinity_disabled('simv: undefined symbol: scsd_fgp_get_is_cpu_affinity_disabled')
ANF: vhdi_dt_get_type('simv: undefined symbol: vhdi_dt_get_type')
ANF: vhdi_dt_get_key('simv: undefined symbol: vhdi_dt_get_key')
ANF: vhdi_dt_get_vhdl_enum_info('simv: undefined symbol: vhdi_dt_get_vhdl_enum_info')
ANF: vhdi_dt_get_vhdl_physical_info('simv: undefined symbol: vhdi_dt_get_vhdl_physical_info')
ANF: vhdi_dt_get_vhdl_array_info('simv: undefined symbol: vhdi_dt_get_vhdl_array_info')
ANF: vhdi_dt_get_vhdl_record_info('simv: undefined symbol: vhdi_dt_get_vhdl_record_info')
ANF: vhdi_def_traverse_module('simv: undefined symbol: vhdi_def_traverse_module')
ANF: vhdi_def_traverse_scope('simv: undefined symbol: vhdi_def_traverse_scope')
ANF: vhdi_def_traverse_variable('simv: undefined symbol: vhdi_def_traverse_variable')
ANF: vhdi_def_get_module_id_by_vhpi('simv: undefined symbol: vhdi_def_get_module_id_by_vhpi')
ANF: vhdi_def_get_handle_by_module_id('simv: undefined symbol: vhdi_def_get_handle_by_module_id')
ANF: vhdi_def_get_variable_info_by_vhpi('simv: undefined symbol: vhdi_def_get_variable_info_by_vhpi')
ANF: vhdi_def_free('simv: undefined symbol: vhdi_def_free')
ANF: vhdi_ist_traverse_scope('simv: undefined symbol: vhdi_ist_traverse_scope')
ANF: vhdi_ist_traverse_variable('simv: undefined symbol: vhdi_ist_traverse_variable')
ANF: vhdi_ist_convert_by_vhpi('simv: undefined symbol: vhdi_ist_convert_by_vhpi')
ANF: vhdi_ist_clone('simv: undefined symbol: vhdi_ist_clone')
ANF: vhdi_ist_free('simv: undefined symbol: vhdi_ist_free')
ANF: vhdi_ist_hash_key('simv: undefined symbol: vhdi_ist_hash_key')
ANF: vhdi_ist_compare('simv: undefined symbol: vhdi_ist_compare')
ANF: vhdi_ist_get_value_addr('simv: undefined symbol: vhdi_ist_get_value_addr')
ANF: vhdi_set_scsd_callback('simv: undefined symbol: vhdi_set_scsd_callback')
ANF: vhdi_cbk_set_force_callback('simv: undefined symbol: vhdi_cbk_set_force_callback')
ANF: vhdi_trigger_init_force('simv: undefined symbol: vhdi_trigger_init_force')
ANF: vhdi_ist_check_scsd_callback('simv: undefined symbol: vhdi_ist_check_scsd_callback')
ANF: vhdi_ist_add_scsd_callback('simv: undefined symbol: vhdi_ist_add_scsd_callback')
ANF: vhdi_ist_remove_scsd_callback('simv: undefined symbol: vhdi_ist_remove_scsd_callback')
ANF: vhdi_ist_get_scsd_user_data('simv: undefined symbol: vhdi_ist_get_scsd_user_data')
ANF: vhdi_add_time_change_callback('simv: undefined symbol: vhdi_add_time_change_callback')
ANF: vhdi_get_real_value_by_value_addr('simv: undefined symbol: vhdi_get_real_value_by_value_addr')
ANF: vhdi_get_64_value_by_value_addr('simv: undefined symbol: vhdi_get_64_value_by_value_addr')
ANF: vhdi_xprop_inst_is_promoted('simv: undefined symbol: vhdi_xprop_inst_is_promoted')
ANF: vdi_ist_convert_by_vhdi('simv: undefined symbol: vdi_ist_convert_by_vhdi')
ANF: vhdi_ist_get_module_id('simv: undefined symbol: vhdi_ist_get_module_id')
ANF: vhdi_refine_foreign_scope_type('simv: undefined symbol: vhdi_refine_foreign_scope_type')
ANF: vhdi_flush_callback('simv: undefined symbol: vhdi_flush_callback')
ANF: vhdi_set_orig_name('simv: undefined symbol: vhdi_set_orig_name')
ANF: vhdi_set_dump_pt('simv: undefined symbol: vhdi_set_dump_pt')
ANF: vhdi_get_fsdb_option('simv: undefined symbol: vhdi_get_fsdb_option')
ANF: vhdi_fgp_get_mode('simv: undefined symbol: vhdi_fgp_get_mode')
ANF: vhdi_node_register_composite_var('simv: undefined symbol: vhdi_node_register_composite_var')
ANF: vhdi_node_analysis('simv: undefined symbol: vhdi_node_analysis')
ANF: vhdi_node_id('simv: undefined symbol: vhdi_node_id')
ANF: vhdi_node_ist_check_scsd_callback('simv: undefined symbol: vhdi_node_ist_check_scsd_callback')
ANF: vhdi_node_ist_add_scsd_callback('simv: undefined symbol: vhdi_node_ist_add_scsd_callback')
ANF: vhdi_node_ist_get_value_addr('simv: undefined symbol: vhdi_node_ist_get_value_addr')
ANF: vhdi_enc_def_traverse_module('simv: undefined symbol: vhdi_enc_def_traverse_module')
ANF: vhdi_enc_def_traverse_scope('simv: undefined symbol: vhdi_enc_def_traverse_scope')
ANF: vhdi_enc_def_traverse_variable('simv: undefined symbol: vhdi_enc_def_traverse_variable')
ANF: vhdi_enc_ist_traverse_scope('simv: undefined symbol: vhdi_enc_ist_traverse_scope')
ANF: vhdi_enc_ist_traverse_variable('simv: undefined symbol: vhdi_enc_ist_traverse_variable')
ANF: vhdi_enc_ist_get_module_id('simv: undefined symbol: vhdi_enc_ist_get_module_id')
ANF: vhdi_enc_def_get_handle_by_module_id('simv: undefined symbol: vhdi_enc_def_get_handle_by_module_id')
VCS compile option:
 option[0]: simv
 option[1]: +v2k
 option[2]: +libext+.v
 option[3]: -a
 option[4]: vcs.log
 option[5]: +define+RTL
 option[6]: +notimingchecks
 option[7]: /usr/cad/synopsys/vcs/2022.06/linux64/bin/vcs1
 option[8]: -Mcc=gcc
 option[9]: -Mcplusplus=g++
 option[10]: -Masflags=
 option[11]: -Mcfl= -pipe -fPIC -O -I/usr/cad/synopsys/vcs/2022.06/include 
 option[12]: -Mxllcflags=
 option[13]: -Mxcflags= -pipe -fPIC -I/usr/cad/synopsys/vcs/2022.06/include
 option[14]: -Mldflags= -rdynamic 
 option[15]: -Mout=simv
 option[16]: -Mamsrun=
 option[17]: -Mvcsaceobjs=
 option[18]: -Mobjects= /usr/cad/synopsys/vcs/2022.06/linux64/lib/libvirsim.so /usr/cad/synopsys/vcs/2022.06/linux64/lib/liberrorinf.so /usr/cad/synopsys/vcs/2022.06/linux64/lib/libsnpsmalloc.so /usr/cad/synopsys/vcs/2022.06/linux64/lib/libvfs.so 
 option[19]: -Mexternalobj=
 option[20]: -Msaverestoreobj=/usr/cad/synopsys/vcs/2022.06/linux64/lib/vcs_save_restore_new.o
 option[21]: -Mcrt0=
 option[22]: -Mcrtn=
 option[23]: -Mcsrc=
 option[24]: -Mupdate
 option[25]: -Msyslibs=/usr/cad/synopsys/verdi/2022.06//share/PLI/VCS/LINUX64/pli.a -ldl 
 option[26]: -l
 option[27]: vcs.log
 option[28]: -Xvcs_run_simv=1
 option[29]: -timescale=1ns/1fs
 option[30]: -j4
 option[31]: -Xcmopt=0x2
 option[32]: +v2k
 option[33]: -full64
 option[34]: -debug_access+all
 option[35]: +vpi
 option[36]: +vcsd1
 option[37]: +itf+/usr/cad/synopsys/vcs/2022.06/linux64/lib/vcsdp_lite.tab
 option[38]: +libext+.v
 option[39]: -o
 option[40]: simv
 option[41]: +define+RTL
 option[42]: +notimingchecks
 option[43]: -picarchive
 option[44]: -P
 option[45]: /usr/cad/synopsys/verdi/2022.06//share/PLI/VCS/LINUX64/verdi.tab
 option[46]: -fsdb
 option[47]: -sverilog
 option[48]: -gen_obj
 option[49]: -y
 option[50]: /usr/cad/synopsys/synthesis/cur/dw/sim_ver/
 option[51]: -f
 option[52]: filelist.f
 option[53]: -load
 option[54]: /usr/cad/synopsys/verdi/2022.06//share/PLI/VCS/LINUX64/libnovas.so:FSDBDumpCmd
 option[55]: timescale=1ns/1fs
Chronologic Simulation VCS Release T-2022.06_Full64
Linux 3.10.0-1160.119.1.el7.x86_64 #1 SMP Tue Jun 4 14:43:51 UTC 2024 x86_64
CPU cores: 64
Limit information:
======================================
cputime		unlimited
filesize		unlimited
datasize		unlimited
stacksize		8192 kbytes
coredumpsize		0 kbytes
memoryuse		unlimited
vmemoryuse		unlimited
descriptors		4096
memorylocked		64 kbytes
maxproc		4096
======================================
(Special)Runtime environment variables:

Runtime environment variables:
MANPATH=/usr/cad/synopsys/vcs/2022.06/doc/man:/usr/cad/synopsys/synthesis/2022.12/doc/syn/man
SYNOPSYS_LC_ROOT=/usr/cad/synopsys/lc/cur
POWERVIEW_64=1
XDG_SESSION_ID=13751
TERM_PROGRAM=vscode
UNAME=/bin/uname
SSL_CERT_FILE=/etc/pki/ca-trust/extracted/pem/tls-ca-bundle.pem
SELINUX_ROLE_REQUESTED=
SCRNAME=vcs
VCS_DEPTH=0
SHELL=/bin/csh
TERM=xterm-256color
HOST=localhost.localdomain
MAKEFLAGS=
SSH_CLIENT=140.113.217.114 52438 22
SNPS_VCS_INTERNAL_MMAP_VIR=1
SELINUX_USE_CURRENT_RANGE=
TERM_PROGRAM_VERSION=1.98.2
VCS_LOG_FILE=vcs.log
QTDIR=/usr/lib64/qt-3.3
QTINC=/usr/lib64/qt-3.3/include
LC_ALL=C
SNPS_VCS_INTERNAL_ROOT_PID=37963
QT_GRAPHICSSYSTEM_CHECKED=1
USER=VLSILAB45
GROUP=VLSILAB45
LS_COLORS=rs=0:di=38;5;27:ln=38;5;51:mh=44;38;5;15:pi=40;38;5;11:so=38;5;13:do=38;5;5:bd=48;5;232;38;5;11:cd=48;5;232;38;5;3:or=48;5;232;38;5;9:mi=05;48;5;232;38;5;15:su=48;5;196;38;5;15:sg=48;5;11;38;5;16:ca=48;5;196;38;5;226:tw=48;5;10;38;5;16:ow=48;5;10;38;5;21:st=48;5;21;38;5;15:ex=38;5;34:*.tar=38;5;9:*.tgz=38;5;9:*.arc=38;5;9:*.arj=38;5;9:*.taz=38;5;9:*.lha=38;5;9:*.lz4=38;5;9:*.lzh=38;5;9:*.lzma=38;5;9:*.tlz=38;5;9:*.txz=38;5;9:*.tzo=38;5;9:*.t7z=38;5;9:*.zip=38;5;9:*.z=38;5;9:*.Z=38;5;9:*.dz=38;5;9:*.gz=38;5;9:*.lrz=38;5;9:*.lz=38;5;9:*.lzo=38;5;9:*.xz=38;5;9:*.bz2=38;5;9:*.bz=38;5;9:*.tbz=38;5;9:*.tbz2=38;5;9:*.tz=38;5;9:*.deb=38;5;9:*.rpm=38;5;9:*.jar=38;5;9:*.war=38;5;9:*.ear=38;5;9:*.sar=38;5;9:*.rar=38;5;9:*.alz=38;5;9:*.ace=38;5;9:*.zoo=38;5;9:*.cpio=38;5;9:*.7z=38;5;9:*.rz=38;5;9:*.cab=38;5;9:*.jpg=38;5;13:*.jpeg=38;5;13:*.gif=38;5;13:*.bmp=38;5;13:*.pbm=38;5;13:*.pgm=38;5;13:*.ppm=38;5;13:*.tga=38;5;13:*.xbm=38;5;13:*.xpm=38;5;13:*.tif=38;5;13:*.tiff=38;5;13:*.png=38;5;13:*.svg=38;5;13:*.svgz=38;5;13:*.mng=38;5;13:*.pcx=38;5;13:*.mov=38;5;13:*.mpg=38;5;13:*.mpeg=38;5;13:*.m2v=38;5;13:*.mkv=38;5;13:*.webm=38;5;13:*.ogm=38;5;13:*.mp4=38;5;13:*.m4v=38;5;13:*.mp4v=38;5;13:*.vob=38;5;13:*.qt=38;5;13:*.nuv=38;5;13:*.wmv=38;5;13:*.asf=38;5;13:*.rm=38;5;13:*.rmvb=38;5;13:*.flc=38;5;13:*.avi=38;5;13:*.fli=38;5;13:*.flv=38;5;13:*.gl=38;5;13:*.dl=38;5;13:*.xcf=38;5;13:*.xwd=38;5;13:*.yuv=38;5;13:*.cgm=38;5;13:*.emf=38;5;13:*.axv=38;5;13:*.anx=38;5;13:*.ogv=38;5;13:*.ogx=38;5;13:*.aac=38;5;45:*.au=38;5;45:*.flac=38;5;45:*.mid=38;5;45:*.midi=38;5;45:*.mka=38;5;45:*.mp3=38;5;45:*.mpc=38;5;45:*.ogg=38;5;45:*.ra=38;5;45:*.wav=38;5;45:*.axa=38;5;45:*.oga=38;5;45:*.spx=38;5;45:*.xspf=38;5;45:
LD_LIBRARY_PATH=/usr/cad/synopsys/vcs/2022.06/lib:/usr/cad/synopsys/vcs/2022.06/linux64/lib:/cad/cadence/VMANAGER/VMANAGER_22.09.002/tools/lib/64bit:/cad/cadence/VMANAGER/VMANAGER_22.09.002/tools/lib64:/cad/cadence/VMANAGER/VMANAGER_22.09.002/tools/lib::/usr/cad/cadence/XCELIUM/XCELIUM_22.03.003/tools/lib/64bit:/usr/cad/cadence/XCELIUM/XCELIUM_22.03.003/tools/lib64:/usr/cad/cadence/XCELIUM/XCELIUM_22.03.003/tools/lib::::/usr/cad/synopsys/verdi/2022.06//etc/lib/libstdc++/LINUX64/:/usr/cad/synopsys/verdi/2022.06//share/PLI/lib/LINUX64/:/usr/cad/synopsys/verdi/2022.06//share/PLI/VCS/LINUX64/::/usr/cad/synopsys/verdi/cur/share/PLI/VCS/LINUX64::/lib64:/usr/lib64:/usr/local/lib64
SCRIPT_NAME=vcs
VCS_MX_HOME_INTERNAL=1
HOSTTYPE=x86_64-linux
SNPS_VCS_CLANG_PATH=/usr/cad/synopsys/vcs/2022.06/linux64/clang
MAKELEVEL=1
VCS_USER_OPTIONS=-timescale=1ns/1fs -j4 -sverilog +v2k -full64 -Mupdate -R -debug_access+all -y /usr/cad/synopsys/synthesis/cur/dw/sim_ver/ +libext+.v -f filelist.f -o simv -l vcs.log +define+RTL +notimingchecks
OVA_UUM=0
MFLAGS=
VCS_MODE_FLAG=64
PATH=.:/cad/cadence/VMANAGER/VMANAGER_22.09.002/tools/bin/64bit:/cad/cadence/VMANAGER/VMANAGER_22.09.002/tools/bin:/usr/cad/cadence/XCELIUM/XCELIUM_22.03.003/tools/bin/64bit:/usr/cad/cadence/XCELIUM/XCELIUM_22.03.003/tools/bin:/usr/cad/synopsys/finesim/2022.06//bin:/usr/cad/synopsys/synthesis/2022.12/amd64/syn/bin:/usr/cad/synopsys/lc/cur/bin:/usr/cad/synopsys/verdi/2022.06//bin:/usr/cad/synopsys/vcs/2022.06/bin:/usr/cad/synopsys/vcs/2022.06/vcfca/bin:/usr/cad/synopsys/vcs/2022.06/amd64/bin:/home/VLSILAB45/.vscode-server/cli/servers/Stable-ddc367ed5c8936efe395cffeec279b04ffd7db78/server/bin/remote-cli:/usr/lib64/qt-3.3/bin:/usr/local/bin:/usr/bin
MAIL=/var/spool/mail/VLSILAB45
SNPS_VCS_INTERNAL_CURR_PID=37963
VERDI_HOME=/usr/cad/synopsys/verdi/2022.06/
PWD=/home/VLSILAB45/Lab3/01_RTL
VCS_HOME=/usr/cad/synopsys/vcs/2022.06
SNPS_VCS_INTERNAL_MEMPRELOAD_USE_LIBC=1
SNPS_INTERNAL_VCS_LINUX_OS=linux
LANG=en_US.UTF-8
FINESIM_64=1
VMR_MODE_FLAG=64
SELINUX_LEVEL_REQUESTED=
FINEWAVE_64=1
VCS_CC=gcc
LM_LICENSE_FILE=5280@hostname:26585@lshc:
SSL_CERT_DIR=/etc/pki/tls/certs
VCS_ARG_ADDED_FOR_TMP=1
SNPS_VCS_TMPDIR=/tmp/vcs_20260507073129_37963
HOME=/home/VLSILAB45
SHLVL=8
OSTYPE=linux
VCS_STATIC_HOME=/usr/cad/synopsys/vcs/2022.06/vcfca
VCS_COM=/usr/cad/synopsys/vcs/2022.06/linux64/bin/vcs1
VENDOR=unknown
MACHTYPE=x86_64
LOGNAME=VLSILAB45
QTLIB=/usr/lib64/qt-3.3/lib
SNPS_VCS_INTERNAL_ROOT_START_TIME=1778139089.507332816
SSH_CONNECTION=140.113.217.114 52438 192.168.1.210 22
VSCODE_IPC_HOOK_CLI=/run/user/1078/vscode-ipc-1879431b-75e1-4096-b377-6c3f3f4c964c.sock
LESSOPEN=||/usr/bin/lesspipe.sh %s
SHLIB_PATH=/usr/cad/synopsys/verdi/2022.06//etc/lib/libstdc++/LINUX64/:/usr/cad/synopsys/verdi/2022.06//share/PLI/lib/LINUX64/:/usr/cad/synopsys/verdi/2022.06//share/PLI/VCS/LINUX64/:
BROWSER=/home/VLSILAB45/.vscode-server/cli/servers/Stable-ddc367ed5c8936efe395cffeec279b04ffd7db78/server/bin/helpers/browser.sh
sysc_uni_pwd=/home/VLSILAB45/Lab3/01_RTL
XDG_RUNTIME_DIR=/run/user/1078
VCS_ARCH=linux64
SYN_MAN_DIR=/usr/cad/synopsys/synthesis/2022.12/doc/syn/man
TOOL_HOME=/usr/cad/synopsys/vcs/2022.06/linux64
COLORTERM=truecolor
_=./simv
OLDPWD=/home/VLSILAB45/Lab3/01_RTL/simv.daidir/debug_dump/fsearch
VCS_PATHMAP_PRELOAD_DONE=1
VCS_EXEC_DONE=1
DVE=/usr/cad/synopsys/vcs/2022.06/gui/dve
SPECMAN_OUTPUT_TO_TTY=1
FLEXLM_BORROWFILE=/home/VLSILAB45/.localhost.localdomain-borrow.txt
Runtime command line arguments:
argv[0]=simv
argv[1]=+v2k
argv[2]=+libext+.v
argv[3]=-a
argv[4]=vcs.log
argv[5]=+define+RTL
argv[6]=+notimingchecks
250 profile - 100
          CPU/Mem usage: 0.060 sys,  0.280 user,  265.41M mem
251 Elapsed time:    0:00:01    Thu May  7 03:31:33 2026
252 User CPU time used: 0 seconds
253 System CPU time used: 0 seconds
254 pliAppInit
255 [SC]Init: MemoryConsumed=0.00MB ElapsedTime=0hour 0min. 0sec.
256 FSDB_GATE is set.
257 FSDB_RTL is set.
258 FSDB_ALIAS_ARRAY_ELEM is set to 4294967295.
259 Enable Parallel Dumping.
260 pliAppMiscSet: New Sim Round
261 pliEntryInit
262 LIBSSCORE=found /usr/cad/synopsys/verdi/2022.06//share/PLI/lib/LINUXAMD64/libsscore_vcs202206.so through $NOVAS_HOME setting.
263 FSDB Dumper for VCS, Release Verdi_T-2022.06, Linux x86_64/64bit, 05/29/2022
264 (C) 1996 - 2022 by Synopsys, Inc.
265 sps_call_fsdbDumpfile_main at 0 : TESTBED.v(39)
266 argv[0]: (MATRIX_MULT.fsdb)
267 *Verdi* FSDB WARNING: The FSDB file already exists. Overwriting the FSDB file may crash the programs that are using this file.
268 *Verdi* : Create FSDB file 'MATRIX_MULT.fsdb'
269 [spi_vcs_vd_ppi_create_root]: no upf option
270 compile option from '/home/VLSILAB45/Lab3/01_RTL/simv.daidir/vcs_rebuild'.
271   "vcs '-timescale=1ns/1fs' '-j4' '-sverilog' '+v2k' '-full64' '-Mupdate' '-R' '-debug_access+all' '-y' '/usr/cad/synopsys/synthesis/cur/dw/sim_ver/' '+libext+.v' '-f' 'filelist.f' '-o' 'simv' '-l' 'vcs.log' '+define+RTL' '+notimingchecks' 2>&1"
272 DVDI_is_vir_unload_enabled is enable
273 FSDB_VCS_ENABLE_NATIVE_VC is enable
274 sps_call_fsdbDumpvars_vd_main at 0 : TESTBED.v(40)
275 argv[0]: (0)
276 argv[1]: (+mda)
277 *Verdi* : Begin traversing the scopes, layer (0).
278 *Verdi* : Enable +mda dumping.
279 *Verdi* : End of traversing.
280 pliAppHDL_DumpVarComplete traverse var: profile - 
          CPU/Mem usage: 0.080 sys,  0.280 user,  364.74M mem
                   incr: 0.000 sys,  0.000 user,  7.71M mem
                   accu: 0.000 sys,  0.000 user,  7.71M mem
              accu incr: 0.000 sys,  0.000 user,  7.71M mem

          Count usage: 190 var,  184 idcode,  32 callback
                 incr: 190 var,  184 idcode,  32 callback
                 accu: 190 var,  184 idcode,  32 callback
            accu incr: 190 var,  184 idcode,  32 callback
281 Elapsed time:    0:00:01    Thu May  7 03:31:33 2026
282 User CPU time used: 0 seconds
283 System CPU time used: 0 seconds
284 pliAppHDL_DumpVarComplete: profile - 
          CPU/Mem usage: 0.080 sys,  0.280 user,  365.80M mem
                   incr: 0.000 sys,  0.000 user,  1.05M mem
                   accu: 0.000 sys,  0.000 user,  8.76M mem
              accu incr: 0.000 sys,  0.000 user,  1.05M mem

          Count usage: 190 var,  184 idcode,  32 callback
                 incr: 0 var,  0 idcode,  0 callback
                 accu: 190 var,  184 idcode,  32 callback
            accu incr: 0 var,  0 idcode,  0 callback
285 Elapsed time:    0:00:01    Thu May  7 03:31:33 2026
286 User CPU time used: 0 seconds
287 System CPU time used: 0 seconds
288 sps_call_fsdbDumpvars_vd_main at 0 : TESTBED.v(41)
289 *Verdi* : Begin traversing the scopes, layer (0).
290 *Verdi* : End of traversing.
291 pliAppHDL_DumpVarComplete traverse var: profile - 
          CPU/Mem usage: 0.080 sys,  0.280 user,  365.80M mem
                   incr: 0.000 sys,  0.000 user,  0.00M mem
                   accu: 0.000 sys,  0.000 user,  0.00M mem
              accu incr: 0.000 sys,  0.000 user,  0.00M mem

          Count usage: 236 var,  184 idcode,  32 callback
                 incr: 46 var,  0 idcode,  0 callback
                 accu: 46 var,  0 idcode,  0 callback
            accu incr: 46 var,  0 idcode,  0 callback
292 Elapsed time:    0:00:01    Thu May  7 03:31:33 2026
293 User CPU time used: 0 seconds
294 System CPU time used: 0 seconds
295 pliAppHDL_DumpVarComplete: profile - 
          CPU/Mem usage: 0.080 sys,  0.280 user,  365.80M mem
                   incr: 0.000 sys,  0.000 user,  0.00M mem
                   accu: 0.000 sys,  0.000 user,  0.00M mem
              accu incr: 0.000 sys,  0.000 user,  0.00M mem

          Count usage: 236 var,  184 idcode,  32 callback
                 incr: 0 var,  0 idcode,  0 callback
                 accu: 46 var,  0 idcode,  0 callback
            accu incr: 0 var,  0 idcode,  0 callback
296 Elapsed time:    0:00:01    Thu May  7 03:31:33 2026
297 User CPU time used: 0 seconds
298 System CPU time used: 0 seconds
299 End of simulation at 3691506
300 Memory usage: 445.522 M
301 Maximum resident set size: 161 MB
302 Hard page faults: 0
303 Soft page faults: 26752
304 Elapsed time:    0:00:01    Thu May  7 03:31:33 2026
305 User CPU time used: 0 seconds
306 System CPU time used: 0 seconds
307 Begin FSDB profile info:
308 FSDB Writer : bc1(17512) bcn(670540) mtf/stf(0/0)
FSDB Writer elapsed time : flush(0.150661) io wait(0.000000) theadpool wait(0.000000)
FSDB Writer cpu time : MT Compression : 0
309 End FSDB profile info
310 FSDB closed. Name: MATRIX_MULT.fsdb Size: 1615396
311 Parallel profile     - ProducerThread:1 ConsumerThread:1 Buffer:64MB
312                      - BlockUsed:6 Acquire:704839 BufferUsed:9660904
313                      - Flush:4 Expand:0 ProducerWait:0 ConsumerWait:4
314                      - MainProducerTime:0.668376918 TotalConsumerTime:0.087076891
315                      - ElapsedTime:0.351221000
316 Producer   0 profile - BlockUsed:6 Acquire:704839 BufferUsed:9660904
317 Consumer   0 profile - Affinity:-1 CPUTime:0.087076891 LifeTime:0.120332680 (0.72%)
318                      - BlockUsed:6 Acquire:704839 BufferUsed:9660904
319 SimExit
320 Elapsed time:    0:00:01    Thu May  7 03:31:33 2026
321 User CPU time used: 0 seconds
322 System CPU time used: 0 seconds
323 Sim process exit
