#======================================================
#
# Synopsys Synthesis Scripts (Design Vision dctcl mode)
#
#======================================================
#======================================================
# (A) Global Parameters
#======================================================
set DESIGN "FIFO"
FIFO
set CYCLE 20
20
set INPUT_DLY [expr 0.3*$CYCLE]
6.0
set OUTPUT_DLY [expr 0.3*$CYCLE]
6.0
#======================================================
# (B) Read RTL Code
#======================================================
# (B-1) analyze + elaborate
set hdlin_auto_save_templates TRUE
TRUE
analyze -f sverilog $DESIGN\.v 
Running PRESTO HDLC
Compiling source file ../01_RTL/FIFO.v
Presto compilation completed successfully.
Loading db file '/EDA_LIB/LIB/CBDK_IC_Contest_v2.5/SynopsysDC/db/slow.db'
Loading db file '/usr/cad/synopsys/synthesis/2022.12/libraries/syn/dw_foundation.sldb'
Loading db file '/usr/cad/synopsys/synthesis/2022.12/libraries/syn/standard.sldb'
1
elaborate $DESIGN  
Loading db file '/usr/cad/synopsys/synthesis/2022.12/libraries/syn/gtech.db'
  Loading link library 'slow'
  Loading link library 'gtech'
Running PRESTO HDLC

Inferred memory devices in process
        in routine FIFO line 24 in file
                '../01_RTL/FIFO.v'.
===============================================================================
|    Register Name    |   Type    | Width | Bus | MB | AR | AS | SR | SS | ST |
===============================================================================
|      r_ptr_reg      | Flip-flop |   6   |  Y  | N  | Y  | N  | N  | N  | N  |
===============================================================================

Inferred memory devices in process
        in routine FIFO line 32 in file
                '../01_RTL/FIFO.v'.
===============================================================================
|    Register Name    |   Type    | Width | Bus | MB | AR | AS | SR | SS | ST |
===============================================================================
|      w_ptr_reg      | Flip-flop |   6   |  Y  | N  | Y  | N  | N  | N  | N  |
===============================================================================

Inferred memory devices in process
        in routine FIFO line 43 in file
                '../01_RTL/FIFO.v'.
===============================================================================
|    Register Name    |   Type    | Width | Bus | MB | AR | AS | SR | SS | ST |
===============================================================================
|   safe_w_addr_reg   | Flip-flop |   5   |  Y  | N  | N  | N  | N  | N  | N  |
===============================================================================

Inferred memory devices in process
        in routine FIFO line 58 in file
                '../01_RTL/FIFO.v'.
===============================================================================
|      Register Name      | Type  | Width | Bus | MB | AR | AS | SR | SS | ST |
===============================================================================
| sram_row[0].cell_q_reg  | Latch |  16   |  Y  | N  | N  | N  | -  | -  | -  |
| sram_row[1].cell_q_reg  | Latch |  16   |  Y  | N  | N  | N  | -  | -  | -  |
| sram_row[2].cell_q_reg  | Latch |  16   |  Y  | N  | N  | N  | -  | -  | -  |
| sram_row[3].cell_q_reg  | Latch |  16   |  Y  | N  | N  | N  | -  | -  | -  |
| sram_row[4].cell_q_reg  | Latch |  16   |  Y  | N  | N  | N  | -  | -  | -  |
| sram_row[5].cell_q_reg  | Latch |  16   |  Y  | N  | N  | N  | -  | -  | -  |
| sram_row[6].cell_q_reg  | Latch |  16   |  Y  | N  | N  | N  | -  | -  | -  |
| sram_row[7].cell_q_reg  | Latch |  16   |  Y  | N  | N  | N  | -  | -  | -  |
| sram_row[8].cell_q_reg  | Latch |  16   |  Y  | N  | N  | N  | -  | -  | -  |
| sram_row[9].cell_q_reg  | Latch |  16   |  Y  | N  | N  | N  | -  | -  | -  |
| sram_row[10].cell_q_reg | Latch |  16   |  Y  | N  | N  | N  | -  | -  | -  |
| sram_row[11].cell_q_reg | Latch |  16   |  Y  | N  | N  | N  | -  | -  | -  |
| sram_row[12].cell_q_reg | Latch |  16   |  Y  | N  | N  | N  | -  | -  | -  |
| sram_row[13].cell_q_reg | Latch |  16   |  Y  | N  | N  | N  | -  | -  | -  |
| sram_row[14].cell_q_reg | Latch |  16   |  Y  | N  | N  | N  | -  | -  | -  |
| sram_row[15].cell_q_reg | Latch |  16   |  Y  | N  | N  | N  | -  | -  | -  |
| sram_row[16].cell_q_reg | Latch |  16   |  Y  | N  | N  | N  | -  | -  | -  |
| sram_row[17].cell_q_reg | Latch |  16   |  Y  | N  | N  | N  | -  | -  | -  |
| sram_row[18].cell_q_reg | Latch |  16   |  Y  | N  | N  | N  | -  | -  | -  |
| sram_row[19].cell_q_reg | Latch |  16   |  Y  | N  | N  | N  | -  | -  | -  |
| sram_row[20].cell_q_reg | Latch |  16   |  Y  | N  | N  | N  | -  | -  | -  |
| sram_row[21].cell_q_reg | Latch |  16   |  Y  | N  | N  | N  | -  | -  | -  |
| sram_row[22].cell_q_reg | Latch |  16   |  Y  | N  | N  | N  | -  | -  | -  |
| sram_row[23].cell_q_reg | Latch |  16   |  Y  | N  | N  | N  | -  | -  | -  |
| sram_row[24].cell_q_reg | Latch |  16   |  Y  | N  | N  | N  | -  | -  | -  |
| sram_row[25].cell_q_reg | Latch |  16   |  Y  | N  | N  | N  | -  | -  | -  |
| sram_row[26].cell_q_reg | Latch |  16   |  Y  | N  | N  | N  | -  | -  | -  |
| sram_row[27].cell_q_reg | Latch |  16   |  Y  | N  | N  | N  | -  | -  | -  |
| sram_row[28].cell_q_reg | Latch |  16   |  Y  | N  | N  | N  | -  | -  | -  |
| sram_row[29].cell_q_reg | Latch |  16   |  Y  | N  | N  | N  | -  | -  | -  |
| sram_row[30].cell_q_reg | Latch |  16   |  Y  | N  | N  | N  | -  | -  | -  |
| sram_row[31].cell_q_reg | Latch |  16   |  Y  | N  | N  | N  | -  | -  | -  |
===============================================================================
Statistics for MUX_OPs
======================================================
| block name/line  | Inputs | Outputs | # sel inputs |
======================================================
|     FIFO/76      |   32   |   16    |      5       |
======================================================
Presto compilation completed successfully. (FIFO)
Elaborated 1 design.
Current design is now 'FIFO'.
1
# (B-2) read_sverilog
#read_sverilog $DESIGN\.v
# (B-3) set current design
current_design $DESIGN
Current design is 'FIFO'.
{FIFO}
link

  Linking design 'FIFO'
  Using the following designs and libraries:
  --------------------------------------------------------------------------
  FIFO                        /home/VLSILAB45/Lab4/02_SYN/FIFO.db
  slow (library)              /EDA_LIB/LIB/CBDK_IC_Contest_v2.5/SynopsysDC/db/slow.db
  dw_foundation.sldb (library) /usr/cad/synopsys/synthesis/2022.12/libraries/syn/dw_foundation.sldb

1
#======================================================
#  (C) Global Setting
#======================================================
#set_wire_load_mode top
#set_operating_conditions -max WCCOM -min BCCOM
#set_wire_load_model -name umc18_wl10 -library slow
#======================================================
#  (D) Set Design Constraints
#======================================================
# (D-1) Setting Clock Constraints
create_clock -name clk -period $CYCLE [get_ports clk] 
1
set_dont_touch_network             [get_clocks clk]
1
set_fix_hold                       [get_clocks clk]
1
set_clock_uncertainty       0.1    [get_clocks clk]
1
# set_clock_latency   -source 0      [get_clocks clk]
# set_clock_latency           1      [get_clocks clk] 
set_input_transition        0.5    [all_inputs] 
1
set_clock_transition        0.1    [all_clocks] 
1
# (D-2) Setting in/out Constraints
set_input_delay   -max  $INPUT_DLY  -clock clk   [all_inputs] ;  # set_up time check 
1
set_input_delay   -min  0           -clock clk   [all_inputs] ;  # hold   time check 
1
set_output_delay  -max  $OUTPUT_DLY -clock clk   [all_outputs] ; # set_up time check 
1
set_output_delay  -min  0           -clock clk   [all_outputs] ; # hold   time check 
1
set_input_delay 0 -clock clk clk
1
set_input_delay 0 -clock clk rst_n
1
#set_max_delay $CYCLE -from [all_inputs] -to [all_outputs]
# (D-3) Setting Design Environment
# set_driving_cell -library umc18io3v5v_slow -lib_cell P2C    -pin {Y}  [get_ports clk]
# set_driving_cell -library umc18io3v5v_slow -lib_cell P2C    -pin {Y}  [remove_from_collection [all_inputs] [get_ports clk]]
# set_load  [load_of "umc18io3v5v_slow/P8C/A"]       [all_outputs] ; # ~= 0.038
set_load 0.05 [all_outputs]
1
# (D-4) Setting DRC Constraint
#set_max_delay           0     ; # Optimize delay max effort                 
#set_max_area            0      ; # Optimize area max effort           
set_max_transition      3       [all_inputs]   ; # U18 LUT Max Transition Value  
1
set_max_capacitance     0.15    [all_inputs]   ; # U18 LUT Max Capacitance Value
1
set_max_fanout          10      [all_inputs]
1
# set_dont_use slow/JKFF*
#set_dont_touch [get_cells core_reg_macro]
#set hdlin_ff_always_sync_set_reset true
# (D-5) Report Clock skew
report_clock -skew clk
Information: Checking out the license 'DesignWare'. (SEC-104)
Information: Updating design information... (UID-85)
Warning: Design 'FIFO' contains 1 high-fanout nets. A fanout number of 1000 will be used for delay calculations involving these nets. (TIM-134)
 
****************************************
Report : clock_skew
Design : FIFO
Version: U-2022.12
Date   : Tue May 19 04:09:26 2026
****************************************

                 Rise      Fall  Min Rise  Min fall        Uncertainty
Object          Delay     Delay     Delay     Delay     Plus      Minus
--------------------------------------------------------------------------------
clk                 -         -         -         -      0.10      0.10

                 Max Transition      Min Transition
Object           Rise      Fall      Rise      Fall
-------------------------------------------------------
clk              0.10      0.10      0.10      0.10
1
check_timing

Information: Checking generated_clocks...

Information: Checking loops...

Information: Checking no_input_delay...

Information: Checking unconstrained_endpoints...

Information: Checking pulse_clock_cell_type...

Information: Checking no_driving_cell...

Information: Checking partial_input_delay...
1
#======================================================
#  (E) Optimization
#======================================================
check_design > Report/$DESIGN\.check
set_fix_multiple_port_nets -all -buffer_constants [get_designs *]
1
set_fix_hold [all_clocks]
1
# compile_ultra
#uniquify
compile
Information: Evaluating DesignWare library utilization. (UISN-27)

============================================================================
| DesignWare Building Block Library  |         Version         | Available |
============================================================================
| Basic DW Building Blocks           | U-2022.12-DWBB_202212.0 |     *     |
| Licensed DW Building Blocks        | U-2022.12-DWBB_202212.0 |     *     |
============================================================================

====================================================================================================
| Flow Information                                                                                 |
----------------------------------------------------------------------------------------------------
| Flow         | Design Compiler NXT                                                               |
====================================================================================================
| Design Information                                      | Value                                  |
====================================================================================================
| Number of Scenarios                                     | 0                                      |
| Leaf Cell Count                                         | 810                                    |
| Number of User Hierarchies                              | 0                                      |
| Sequential Cell Count                                   | 529                                    |
| Macro Count                                             | 0                                      |
| Number of Power Domains                                 | 0                                      |
| Number of Path Groups                                   | 2                                      |
| Number of VT Class                                      | 0                                      |
| Number of Clocks                                        | 1                                      |
| Number of Dont Touch Cells                              | 9                                      |
| Number of Dont Touch Nets                               | 1                                      |
| Number of Size Only Cells                               | 0                                      |
| Design with UPF Data                                    | false                                  |
----------------------------------------------------------------------------------------------------
| Variables                                               | Value                                  |
----------------------------------------------------------------------------------------------------
| set_fix_multiple_port_nets                              | -all -buffer_constants                 |
====================================================================================================

Information: There are 2 potential problems in your design. Please run 'check_design' for more information. (LINT-99)



  Beginning Pass 1 Mapping
  ------------------------
  Processing 'FIFO'
Information: Added key list 'DesignWare' to design 'FIFO'. (DDB-72)

  Updating timing information
Information: Updating design information... (UID-85)

  Beginning Implementation Selection
  ----------------------------------
  Processing 'FIFO_DW01_inc_0'
  Processing 'FIFO_DW01_inc_1'

  Beginning Mapping Optimizations  (Medium effort)
  -------------------------------

                                  TOTAL                                                  
   ELAPSED            WORST NEG   SETUP    DESIGN                              MIN DELAY 
    TIME      AREA      SLACK     COST    RULE COST         ENDPOINT             COST    
  --------- --------- --------- --------- --------- ------------------------- -----------
    0:00:03   22853.8      0.00       0.0       2.0                                0.00  
    0:00:03   22853.8      0.00       0.0       2.0                                0.00  
    0:00:03   22853.8      0.00       0.0       2.0                                0.00  
    0:00:03   22853.8      0.00       0.0       2.0                                0.00  
    0:00:03   22853.8      0.00       0.0       2.0                                0.00  
    0:00:03   13735.4      0.00       0.0       2.0                                0.00  
    0:00:03   13718.4      0.00       0.0       2.0                                0.00  
    0:00:03   13718.4      0.00       0.0       2.0                                0.00  
    0:00:03   13718.4      0.00       0.0       2.0                                0.00  
    0:00:03   13718.4      0.00       0.0       2.0                                0.00  
    0:00:03   13718.4      0.00       0.0       2.0                                0.00  
    0:00:03   13718.4      0.00       0.0       2.0                                0.00  
    0:00:03   13718.4      0.00       0.0       2.0                                0.00  
    0:00:03   13718.4      0.00       0.0       2.0                                0.00  



  Beginning Delay Optimization Phase
  ----------------------------------

                                  TOTAL                                                  
   ELAPSED            WORST NEG   SETUP    DESIGN                              MIN DELAY 
    TIME      AREA      SLACK     COST    RULE COST         ENDPOINT             COST    
  --------- --------- --------- --------- --------- ------------------------- -----------
    0:00:03   13718.4      0.00       0.0       2.0                                0.00  
    0:00:03   13718.4      0.00       0.0       2.0                                0.00  
    0:00:03   13687.8      0.00       0.0       2.0                                0.00  


  Beginning Design Rule Fixing  (max_fanout)
  ----------------------------

                                  TOTAL                                                  
   ELAPSED            WORST NEG   SETUP    DESIGN                              MIN DELAY 
    TIME      AREA      SLACK     COST    RULE COST         ENDPOINT             COST    
  --------- --------- --------- --------- --------- ------------------------- -----------
    0:00:03   13687.8      0.00       0.0       2.0                                0.00  
    0:00:03   13694.6      0.00       0.0       0.0                                0.00  


  Beginning Area-Recovery Phase  (cleanup)
  -----------------------------

                                  TOTAL                                                  
   ELAPSED            WORST NEG   SETUP    DESIGN                              MIN DELAY 
    TIME      AREA      SLACK     COST    RULE COST         ENDPOINT             COST    
  --------- --------- --------- --------- --------- ------------------------- -----------
    0:00:03   13694.6      0.00       0.0       0.0                                0.00  
    0:00:03   13694.6      0.00       0.0       0.0                                0.00  
    0:00:03   13687.8      0.00       0.0       0.0                                0.00  
    0:00:03   13687.8      0.00       0.0       0.0                                0.00  
    0:00:03   13687.8      0.00       0.0       0.0                                0.00  
    0:00:03   13687.8      0.00       0.0       0.0                                0.00  
    0:00:03   13687.8      0.00       0.0       0.0                                0.00  
    0:00:03   13687.8      0.00       0.0       0.0                                0.00  
    0:00:03   13687.8      0.00       0.0       0.0                                0.00  
    0:00:03   13687.8      0.00       0.0       0.0                                0.00  
    0:00:03   13687.8      0.00       0.0       0.0                                0.00  
    0:00:03   13687.8      0.00       0.0       0.0                                0.00  
    0:00:03   13687.8      0.00       0.0       0.0                                0.00  
Loading db file '/EDA_LIB/LIB/CBDK_IC_Contest_v2.5/SynopsysDC/db/slow.db'


Note: Symbol # after min delay cost means estimated hold TNS across all active scenarios 


  Optimization Complete
  ---------------------
1
#======================================================
#  (F) Output Reports 
#======================================================
report_design  >  Report/$DESIGN\.design
report_resource >  Report/$DESIGN\.resource
report_timing -max_paths 3 >  Report/$DESIGN\.timing
report_area >  Report/$DESIGN\.area
report_power > Report/$DESIGN\.power
report_clock > Report/$DESIGN\.clock
report_port >  Report/$DESIGN\.port
report_power >  Report/$DESIGN\.power
#report_reference > Report/$DESIGN\.reference
#======================================================
#  (G) Change Naming Rule
#======================================================
set bus_inference_style "%s\[%d\]"
%s[%d]
set bus_naming_style "%s\[%d\]"
%s[%d]
set hdlout_internal_busses true
true
change_names -hierarchy -rule verilog
1
define_name_rules name_rule -allowed "a-z A-Z 0-9 _" -max_length 255 -type cell
1
define_name_rules name_rule -allowed "a-z A-Z 0-9 _[]" -max_length 255 -type net
1
define_name_rules name_rule -map {{"\\*cell\\*" "cell"}}
1
define_name_rules name_rule -case_insensitive
1
change_names -hierarchy -rules name_rule
1
#======================================================
#  (H) Output Results
#======================================================
set verilogout_higher_designs_first true
true
write -format verilog -output Netlist/$DESIGN\_SYN.v -hierarchy
Writing verilog file '/home/VLSILAB45/Lab4/02_SYN/Netlist/FIFO_SYN.v'.
1
write -format ddc     -hierarchy -output $DESIGN\_SYN.ddc
Writing ddc file 'FIFO_SYN.ddc'.
1
write_sdf -version 3.0 -context verilog -load_delay cell Netlist/$DESIGN\_SYN.sdf -significant_digits 6
Information: Writing timing information to file '/home/VLSILAB45/Lab4/02_SYN/Netlist/FIFO_SYN.sdf'. (WT-3)
1
write_sdc Netlist/$DESIGN\_SYN.sdc
1
#======================================================
#  (I) Finish and Quit
#======================================================
report_area
 
****************************************
Report : area
Design : FIFO
Version: U-2022.12
Date   : Tue May 19 04:09:32 2026
****************************************

Library(s) Used:

    slow (File: /EDA_LIB/LIB/CBDK_IC_Contest_v2.5/SynopsysDC/db/slow.db)

Number of ports:                           38
Number of nets:                          1035
Number of cells:                          997
Number of combinational cells:            463
Number of sequential cells:               529
Number of macros/black boxes:               0
Number of buf/inv:                         54
Number of references:                      19

Combinational area:               4423.424295
Buf/Inv area:                      346.269595
Noncombinational area:            9264.409664
Macro/Black Box area:                0.000000
Net Interconnect area:      undefined  (No wire load specified)

Total cell area:                 13687.833960
Total area:                 undefined
1
report_power
Information: Propagating switching activity (low effort zero delay simulation). (PWR-6)
Warning: Design has unannotated primary inputs. (PWR-414)
 
****************************************
Report : power
        -analysis_effort low
Design : FIFO
Version: U-2022.12
Date   : Tue May 19 04:09:32 2026
****************************************


Library(s) Used:

    slow (File: /EDA_LIB/LIB/CBDK_IC_Contest_v2.5/SynopsysDC/db/slow.db)


Operating Conditions: slow   Library: slow
Wire Load Model Mode: top


Global Operating Voltage = 1.08 
Power-specific unit information :
    Voltage Units = 1V
    Capacitance Units = 1.000000pf
    Time Units = 1ns
    Dynamic Power Units = 1mW    (derived from V,C,T units)
    Leakage Power Units = 1pW


Attributes
----------
i - Including register clock pin internal power


  Cell Internal Power  =  33.8478 uW   (74%)
  Net Switching Power  =  12.0024 uW   (26%)
                         ---------
Total Dynamic Power    =  45.8503 uW  (100%)

Cell Leakage Power     =  12.5939 uW


                 Internal         Switching           Leakage            Total
Power Group      Power            Power               Power              Power   (   %    )  Attrs
--------------------------------------------------------------------------------------------------
io_pad             0.0000            0.0000            0.0000            0.0000  (   0.00%)
memory             0.0000            0.0000            0.0000            0.0000  (   0.00%)
black_box          0.0000            0.0000            0.0000            0.0000  (   0.00%)
clock_network  2.2258e-02        1.2698e-03        8.3276e+04        2.3611e-02  (  40.40%)  i
register       5.4129e-03        5.8577e-04        9.7952e+06        1.5794e-02  (  27.02%)
sequential         0.0000            0.0000            0.0000            0.0000  (   0.00%)
combinational  6.1772e-03        1.0147e-02        2.7154e+06        1.9039e-02  (  32.58%)
--------------------------------------------------------------------------------------------------
Total          3.3848e-02 mW     1.2002e-02 mW     1.2594e+07 pW     5.8444e-02 mW
1
report_timing 
 
****************************************
Report : timing
        -path full
        -delay max
        -max_paths 1
Design : FIFO
Version: U-2022.12
Date   : Tue May 19 04:09:32 2026
****************************************

Operating Conditions: slow   Library: slow
Wire Load Model Mode: top

  Startpoint: w_data[0] (input port clocked by clk)
  Endpoint: sram_row_6__cell_q_reg_0_
            (positive level-sensitive latch clocked by clk)
  Path Group: clk
  Path Type: max

  Point                                                   Incr       Path
  --------------------------------------------------------------------------
  clock clk (rise edge)                                   0.00       0.00
  clock network delay (ideal)                             0.00       0.00
  input external delay                                    6.00       6.00 f
  w_data[0] (in)                                          0.00       6.00 f
  U168/Y (CLKBUFX3)                                       0.35       6.35 f
  sram_row_6__cell_q_reg_0_/D (TLATX1)                    0.00       6.35 f
  data arrival time                                                  6.35

  clock clk (rise edge)                                   0.00       0.00
  clock network delay (ideal)                             0.00       0.00
  clock uncertainty                                      -0.10      -0.10
  sram_row_6__cell_q_reg_0_/G (TLATX1)                    0.00      -0.10 r
  time borrowed from endpoint                             6.45       6.35
  data required time                                                 6.35
  --------------------------------------------------------------------------
  data required time                                                 6.35
  data arrival time                                                 -6.35
  --------------------------------------------------------------------------
  slack (MET)                                                        0.00

  Time Borrowing Information
  --------------------------------------------------------------
  clk nominal pulse width                                10.00   
  library setup time                                     -0.14   
  --------------------------------------------------------------
  max time borrow                                         9.86   
  --------------------------------------------------------------
  actual time borrow                                      6.45   
  clock uncertainty                                      -0.10   
  --------------------------------------------------------------
  time given to startpoint                                6.35   
  --------------------------------------------------------------


1
exit

Memory usage for this session 168 Mbytes.
Memory usage for this session including child processes 168 Mbytes.
CPU usage for this session 10 seconds ( 0.00 hours ).
Elapsed time for this session 20 seconds ( 0.01 hours ).

Thank you...

